
> frontend@0.1.0 build
> next build

   Γצ▓ Next.js 14.1.0
   - Environments: .env.local

   Creating an optimized production build ...
 Γ£ף Compiled successfully
   Linting and checking validity of types ...
node.exe : 
At line:1 char:1
+ & "C:\Program Files\nodejs/node.exe" "C:\Program 
Files\nodejs/node_mo ...
+ ~~~~~~~~~~~~~~~~~~~~~~~~~~~~~~~~~~~~~~~~~~~~~~~~~~~~~~~~~~~~~
~~~~~~~~
    + CategoryInfo          : NotSpecified: (:String) [], Remo 
   teException
    + FullyQualifiedErrorId : NativeCommandError
 
Failed to compile.

./app/admin/customers/page.tsx
26:8  Warning: React Hook useEffect has a missing dependency: 
'fetchCustomers'. Either include it or remove the dependency 
array.  react-hooks/exhaustive-deps

./app/admin/orders/page.tsx
32:8  Warning: React Hook useEffect has a missing dependency: 
'fetchOrders'. Either include it or remove the dependency 
array.  react-hooks/exhaustive-deps
41:8  Warning: React Hook useEffect has missing dependencies: 
'fetchOrders' and 'page'. Either include them or remove the 
dependency array.  react-hooks/exhaustive-deps

./app/customer/orders/[id]/page.tsx
58:8  Warning: React Hook useEffect has a missing dependency: 
'fetchOrder'. Either include it or remove the dependency 
array.  react-hooks/exhaustive-deps

./app/customer/tracking/[id]/page.tsx
73:8  Warning: React Hook useEffect has missing dependencies: 
'fetchOrder' and 'params.id'. Either include them or remove 
the dependency array.  react-hooks/exhaustive-deps

./app/orders/[id]/page.tsx
39:8  Warning: React Hook useEffect has a missing dependency: 
'fetchOrder'. Either include it or remove the dependency 
array.  react-hooks/exhaustive-deps

./components/ChatComponent.tsx
56:8  Warning: React Hook useEffect has a missing dependency: 
'socket'. Either include it or remove the dependency array.  
react-hooks/exhaustive-deps

./components/courier/IncomingOrderModal.tsx
132:4  Error: Parsing error: Declaration or statement expected.

info  - Need to disable some ESLint rules? Learn more here: 
https://nextjs.org/docs/basic-features/eslint#disabling-rules
