python : C:\Users\Israel\AppData\Local\Packages\PythonSoftwareFoundation.Python.3.11_qbz
5n2kfra8p0\LocalCache\local-packages\Python311\site-packages\flask_limiter\_extension.py
:364: UserWarning: Using the in-memory storage for tracking rate limits as no storage 
was explicitly specified. This is not recommended for production use. See: 
https://flask-limiter.readthedocs.io#configuring-a-storage-backend for documentation 
about configuring the storage backend.
At line:1 char:1
+ python app.py > backend_server.log 2>&1
+ ~~~~~~~~~~~~~~~~~~~~~~~~~~~~~~~~~~~~~~~
    + CategoryInfo          : NotSpecified: (C:\Users\Israel...torage backend.:String)  
   [], RemoteException
    + FullyQualifiedErrorId : NativeCommandError
 
  warnings.warn(
INFO:utils.audit_trail:\u2705 Global Audit Trail registered on all database models.
INFO:geventwebsocket.handler:127.0.0.1 - - [2026-03-05 17:50:52] "POST 
/api/auth/register HTTP/1.1" 400 759 0.004530
INFO:geventwebsocket.handler:127.0.0.1 - - [2026-03-05 17:50:54] "POST 
/api/auth/register HTTP/1.1" 400 759 0.002527
INFO:geventwebsocket.handler:127.0.0.1 - - [2026-03-05 17:50:56] "POST 
/api/auth/register HTTP/1.1" 400 759 0.001522
INFO:security_audit:{"timestamp": "2026-03-05T15:50:58.858098", "action": "LOGIN", 
"user_id": 21, "ip_address": "127.0.0.1", "status": "SUCCESS", "resource": null, 
"details": "User admin_v4 logged in successfully"}
INFO:geventwebsocket.handler:127.0.0.1 - - [2026-03-05 17:50:58] "POST /api/auth/login 
HTTP/1.1" 200 1860 0.412239
INFO:security_audit:{"timestamp": "2026-03-05T15:51:01.268995", "action": "LOGIN", 
"user_id": 22, "ip_address": "127.0.0.1", "status": "SUCCESS", "resource": null, 
"details": "User courier_v4 logged in successfully"}
INFO:geventwebsocket.handler:127.0.0.1 - - [2026-03-05 17:51:01] "POST /api/auth/login 
HTTP/1.1" 200 1995 0.405558
INFO:security_audit:{"timestamp": "2026-03-05T15:51:03.676846", "action": "LOGIN", 
"user_id": 23, "ip_address": "127.0.0.1", "status": "SUCCESS", "resource": null, 
"details": "User customer_v4 logged in successfully"}
INFO:geventwebsocket.handler:127.0.0.1 - - [2026-03-05 17:51:03] "POST /api/auth/login 
HTTP/1.1" 200 1979 0.401554
INFO:geventwebsocket.handler:127.0.0.1 - - [2026-03-05 17:51:05] "GET /api/couriers 
HTTP/1.1" 200 1997 0.010607
INFO:root:Received create_order request (Wizard Flow)
ERROR:root:Failed to trigger PUSH: 'charmap' codec can't encode character '\U0001f514' 
in position 0: character maps to <undefined>
INFO:root:Starting auto-allocation for ORD-20260305-3F3018...
ERROR:utils.allocation_engine:Order ORD-20260305-3F3018 has no pickup coordinates.
INFO:security_audit:{"timestamp": "2026-03-05T15:51:07.742208", "action": 
"CREATE_ORDER", "user_id": 23, "ip_address": "127.0.0.1", "status": "SUCCESS", 
"resource": "Delivery:9", "details": "Order ORD-20260305-3F3018 created with price 
52.65"}
INFO:geventwebsocket.handler:127.0.0.1 - - [2026-03-05 17:51:07] "POST 
/api/orders/create HTTP/1.1" 201 878 0.040944
ERROR:root:Error fetching orders: 'accepted' is not among the defined enum values. Enum 
name: delivery_status_type. Possible values: pending, assigned, picked_up, ..., failed
Traceback (most recent call last):
  File "C:\Users\Israel\AppData\Local\Packages\PythonSoftwareFoundation.Python.3.11_qbz5
n2kfra8p0\LocalCache\local-packages\Python311\site-packages\sqlalchemy\sql\sqltypes.py",
 line 1709, in _object_value_for_elem
    return self._object_lookup[elem]  # type: ignore[return-value]
           ~~~~~~~~~~~~~~~~~~~^^^^^^
KeyError: 'accepted'

The above exception was the direct cause of the following exception:

Traceback (most recent call last):
  File "C:\Users\Israel\Desktop\delivery_app\backend\routes\orders.py", line 452, in 
get_orders
    deliveries = query.order_by(Delivery.created_at.desc()).all()
                 ^^^^^^^^^^^^^^^^^^^^^^^^^^^^^^^^^^^^^^^^^^^^^^^^
  File "C:\Users\Israel\AppData\Local\Packages\PythonSoftwareFoundation.Python.3.11_qbz5
n2kfra8p0\LocalCache\local-packages\Python311\site-packages\sqlalchemy\orm\query.py", 
line 2704, in all
    return self._iter().all()  # type: ignore
           ^^^^^^^^^^^^^^^^^^
  File "C:\Users\Israel\AppData\Local\Packages\PythonSoftwareFoundation.Python.3.11_qbz5
n2kfra8p0\LocalCache\local-packages\Python311\site-packages\sqlalchemy\engine\result.py"
, line 1786, in all
    return self._allrows()
           ^^^^^^^^^^^^^^^
  File "C:\Users\Israel\AppData\Local\Packages\PythonSoftwareFoundation.Python.3.11_qbz5
n2kfra8p0\LocalCache\local-packages\Python311\site-packages\sqlalchemy\engine\result.py"
, line 560, in _allrows
    rows = self._fetchall_impl()
           ^^^^^^^^^^^^^^^^^^^^^
  File "C:\Users\Israel\AppData\Local\Packages\PythonSoftwareFoundation.Python.3.11_qbz5
n2kfra8p0\LocalCache\local-packages\Python311\site-packages\sqlalchemy\engine\result.py"
, line 1693, in _fetchall_impl
    return self._real_result._fetchall_impl()
           ^^^^^^^^^^^^^^^^^^^^^^^^^^^^^^^^^^
  File "C:\Users\Israel\AppData\Local\Packages\PythonSoftwareFoundation.Python.3.11_qbz5
n2kfra8p0\LocalCache\local-packages\Python311\site-packages\sqlalchemy\engine\result.py"
, line 2287, in _fetchall_impl
    return list(self.iterator)
           ^^^^^^^^^^^^^^^^^^^
  File "C:\Users\Israel\AppData\Local\Packages\PythonSoftwareFoundation.Python.3.11_qbz5
n2kfra8p0\LocalCache\local-packages\Python311\site-packages\sqlalchemy\orm\loading.py", 
line 220, in chunks
    fetch = cursor._raw_all_rows()
            ^^^^^^^^^^^^^^^^^^^^^^
  File "C:\Users\Israel\AppData\Local\Packages\PythonSoftwareFoundation.Python.3.11_qbz5
n2kfra8p0\LocalCache\local-packages\Python311\site-packages\sqlalchemy\engine\result.py"
, line 553, in _raw_all_rows
    return [make_row(row) for row in rows]
           ^^^^^^^^^^^^^^^^^^^^^^^^^^^^^^^
  File "C:\Users\Israel\AppData\Local\Packages\PythonSoftwareFoundation.Python.3.11_qbz5
n2kfra8p0\LocalCache\local-packages\Python311\site-packages\sqlalchemy\engine\result.py"
, line 553, in <listcomp>
    return [make_row(row) for row in rows]
            ^^^^^^^^^^^^^
  File "lib/sqlalchemy/cyextension/resultproxy.pyx", line 22, in 
sqlalchemy.cyextension.resultproxy.BaseRow.__init__
  File "lib/sqlalchemy/cyextension/resultproxy.pyx", line 79, in 
sqlalchemy.cyextension.resultproxy._apply_processors
  File "C:\Users\Israel\AppData\Local\Packages\PythonSoftwareFoundation.Python.3.11_qbz5
n2kfra8p0\LocalCache\local-packages\Python311\site-packages\sqlalchemy\sql\sqltypes.py",
 line 1829, in process
    value = self._object_value_for_elem(value)
            ^^^^^^^^^^^^^^^^^^^^^^^^^^^^^^^^^^
  File "C:\Users\Israel\AppData\Local\Packages\PythonSoftwareFoundation.Python.3.11_qbz5
n2kfra8p0\LocalCache\local-packages\Python311\site-packages\sqlalchemy\sql\sqltypes.py",
 line 1711, in _object_value_for_elem
    raise LookupError(
LookupError: 'accepted' is not among the defined enum values. Enum name: 
delivery_status_type. Possible values: pending, assigned, picked_up, ..., failed
INFO:geventwebsocket.handler:127.0.0.1 - - [2026-03-05 17:51:09] "GET /api/orders 
HTTP/1.1" 500 887 0.007651
