
[2026-03-07T21:58:10.451912] --- Dashboard Refresh ---
Connected SIDs/IDs: {}
Online Courier IDs: []
Available in DB: 5
Active Couriers (Intersection): 0

[2026-03-07T21:59:23.449951] --- Dashboard Refresh ---
Connected SIDs/IDs: {}
Online Courier IDs: []
Available in DB: 5
Active Couriers (Intersection): 0

[2026-03-07T22:00:11.367764] --- Dashboard Refresh ---
Connected SIDs/IDs: {}
Online Courier IDs: []
Available in DB: 5
Active Couriers (Intersection): 0

[2026-03-07T22:01:43.572608] --- Dashboard Refresh ---
Connected SIDs/IDs: {}
Online Courier IDs: []
Available in DB: 5
Active Couriers (Intersection): 0

[2026-03-07T22:02:43.330408] --- Dashboard Refresh ---
Connected SIDs/IDs: {}
Online Courier IDs: []
Available in DB: 5
Active Couriers (Intersection): 0

[2026-03-07T22:03:43.704243] --- Dashboard Refresh ---
Connected SIDs/IDs: {}
Online Courier IDs: []
Available in DB: 5
Active Couriers (Intersection): 0

[2026-03-07T22:04:42.694882] --- Dashboard Refresh ---
Connected SIDs/IDs: {}
Online Courier IDs: []
Available in DB: 5
Active Couriers (Intersection): 0

[2026-03-07T22:05:44.177404] --- Dashboard Refresh ---
Connected SIDs/IDs: {}
Online Courier IDs: []
Available in DB: 5
Active Couriers (Intersection): 0

[2026-03-07T22:06:43.382592] --- Dashboard Refresh ---
Connected SIDs/IDs: {}
Online Courier IDs: []
Available in DB: 5
Active Couriers (Intersection): 0

[2026-03-07T22:07:42.694615] --- Dashboard Refresh ---
Connected SIDs/IDs: {}
Online Courier IDs: []
Available in DB: 5
Active Couriers (Intersection): 0

[2026-03-07T22:08:42.694558] --- Dashboard Refresh ---
Connected SIDs/IDs: {}
Online Courier IDs: []
Available in DB: 5
Active Couriers (Intersection): 0

[2026-03-07T22:09:44.613424] --- Dashboard Refresh ---
Connected SIDs/IDs: {}
Online Courier IDs: []
Available in DB: 5
Active Couriers (Intersection): 0

[2026-03-07T22:10:42.694930] --- Dashboard Refresh ---
Connected SIDs/IDs: {}
Online Courier IDs: []
Available in DB: 5
Active Couriers (Intersection): 0

[2026-03-09T14:41:40.726774] --- Dashboard Refresh ---
Connected SIDs/IDs: {}
Online Courier IDs: []
Available in DB: 5
Active Couriers (Intersection): 0

[2026-03-09T14:42:39.212669] --- Dashboard Refresh ---
Connected SIDs/IDs: {}
Online Courier IDs: []
Available in DB: 5
Active Couriers (Intersection): 0

[2026-03-09T14:43:39.078803] --- Dashboard Refresh ---
Connected SIDs/IDs: {}
Online Courier IDs: []
Available in DB: 5
Active Couriers (Intersection): 0

[2026-03-09T14:44:38.777817] --- Dashboard Refresh ---
Connected SIDs/IDs: {}
Online Courier IDs: []
Available in DB: 5
Active Couriers (Intersection): 0

[2026-03-09T14:45:39.535469] --- Dashboard Refresh ---
Connected SIDs/IDs: {}
Online Courier IDs: []
Available in DB: 5
Active Couriers (Intersection): 0

[2026-03-09T14:46:38.777635] --- Dashboard Refresh ---
Connected SIDs/IDs: {}
Online Courier IDs: []
Available in DB: 5
Active Couriers (Intersection): 0

[2026-03-09T14:47:40.718598] --- Dashboard Refresh ---
Connected SIDs/IDs: {}
Online Courier IDs: []
Available in DB: 5
Active Couriers (Intersection): 0

[2026-03-09T14:48:40.274109] --- Dashboard Refresh ---
Connected SIDs/IDs: {}
Online Courier IDs: []
Available in DB: 5
Active Couriers (Intersection): 0

[2026-03-09T14:49:39.460307] --- Dashboard Refresh ---
Connected SIDs/IDs: {}
Online Courier IDs: []
Available in DB: 5
Active Couriers (Intersection): 0

[2026-03-09T14:50:38.777532] --- Dashboard Refresh ---
Connected SIDs/IDs: {}
Online Courier IDs: []
Available in DB: 5
Active Couriers (Intersection): 0

[2026-03-09T14:51:40.924567] --- Dashboard Refresh ---
Connected SIDs/IDs: {}
Online Courier IDs: []
Available in DB: 5
Active Couriers (Intersection): 0

[2026-03-09T14:52:40.350529] --- Dashboard Refresh ---
Connected SIDs/IDs: {}
Online Courier IDs: []
Available in DB: 5
Active Couriers (Intersection): 0

[2026-03-09T14:53:39.904639] --- Dashboard Refresh ---
Connected SIDs/IDs: {}
Online Courier IDs: []
Available in DB: 5
Active Couriers (Intersection): 0

[2026-03-09T14:54:39.737061] --- Dashboard Refresh ---
Connected SIDs/IDs: {}
Online Courier IDs: []
Available in DB: 5
Active Couriers (Intersection): 0

[2026-03-09T14:55:39.454692] --- Dashboard Refresh ---
Connected SIDs/IDs: {}
Online Courier IDs: []
Available in DB: 5
Active Couriers (Intersection): 0

[2026-03-09T14:56:38.777227] --- Dashboard Refresh ---
Connected SIDs/IDs: {}
Online Courier IDs: []
Available in DB: 5
Active Couriers (Intersection): 0

[2026-03-09T14:57:38.777821] --- Dashboard Refresh ---
Connected SIDs/IDs: {}
Online Courier IDs: []
Available in DB: 5
Active Couriers (Intersection): 0

[2026-03-09T14:58:40.501754] --- Dashboard Refresh ---
Connected SIDs/IDs: {}
Online Courier IDs: []
Available in DB: 5
Active Couriers (Intersection): 0

[2026-03-09T14:59:39.665479] --- Dashboard Refresh ---
Connected SIDs/IDs: {}
Online Courier IDs: []
Available in DB: 5
Active Couriers (Intersection): 0

[2026-03-09T15:00:38.925839] --- Dashboard Refresh ---
Connected SIDs/IDs: {}
Online Courier IDs: []
Available in DB: 5
Active Couriers (Intersection): 0

[2026-03-09T15:01:38.777800] --- Dashboard Refresh ---
Connected SIDs/IDs: {}
Online Courier IDs: []
Available in DB: 5
Active Couriers (Intersection): 0

[2026-03-09T15:02:38.777869] --- Dashboard Refresh ---
Connected SIDs/IDs: {}
Online Courier IDs: []
Available in DB: 5
Active Couriers (Intersection): 0

[2026-03-09T15:03:38.777086] --- Dashboard Refresh ---
Connected SIDs/IDs: {}
Online Courier IDs: []
Available in DB: 5
Active Couriers (Intersection): 0

[2026-03-09T15:04:39.999920] --- Dashboard Refresh ---
Connected SIDs/IDs: {}
Online Courier IDs: []
Available in DB: 5
Active Couriers (Intersection): 0

[2026-03-09T15:05:38.912885] --- Dashboard Refresh ---
Connected SIDs/IDs: {}
Online Courier IDs: []
Available in DB: 5
Active Couriers (Intersection): 0

[2026-03-09T15:06:38.777589] --- Dashboard Refresh ---
Connected SIDs/IDs: {}
Online Courier IDs: []
Available in DB: 5
Active Couriers (Intersection): 0

[2026-03-09T15:07:40.806642] --- Dashboard Refresh ---
Connected SIDs/IDs: {}
Online Courier IDs: []
Available in DB: 5
Active Couriers (Intersection): 0

[2026-03-09T15:08:39.909114] --- Dashboard Refresh ---
Connected SIDs/IDs: {}
Online Courier IDs: []
Available in DB: 5
Active Couriers (Intersection): 0

[2026-03-09T15:09:38.803882] --- Dashboard Refresh ---
Connected SIDs/IDs: {}
Online Courier IDs: []
Available in DB: 5
Active Couriers (Intersection): 0

[2026-03-09T15:10:38.778188] --- Dashboard Refresh ---
Connected SIDs/IDs: {}
Online Courier IDs: []
Available in DB: 5
Active Couriers (Intersection): 0

[2026-03-09T15:23:19.520789] --- Dashboard Refresh ---
Connected SIDs/IDs: {}
Online Courier IDs: []
Available in DB: 5
Active Couriers (Intersection): 0

[2026-03-09T15:59:57.163396] --- Dashboard Refresh ---
Connected SIDs/IDs: {}
Online Courier IDs: []
Available in DB: 5
Active Couriers (Intersection): 0

[2026-03-09T16:00:56.871640] --- Dashboard Refresh ---
Connected SIDs/IDs: {}
Online Courier IDs: []
Available in DB: 5
Active Couriers (Intersection): 0
